// Jest Snapshot v1, https://goo.gl/fbAQLP

exports[`ConnectButton should match snapshot 1`] = `
<div>
  <button
    class="Button__Button___1ZfFj css-4k45fw Button__Button--naked___mB6LS Button__Button--full-width___3Fmpo"
    data-test-id="connect-button"
    type="button"
  >
    <span
      class="TabFocusTrap__TabFocusTrap___39Vty Button__Button__inner-wrapper___3qrNC"
      tabindex="-1"
    >
      <span
        class="Button__Button__label___3tcOj"
      >
        <svg
          height="40"
          viewBox="0 0 245 40"
          width="245"
          xmlns="http://www.w3.org/2000/svg"
        >
          <title>
            ConnectWithOptimizelyButton
          </title>
          <rect
            fill="#000066"
            height="40"
            rx="8"
            ry="8"
            width="245"
            x="0"
            y="0"
          />
          <g
            transform="translate(5, 2)"
          >
            <svg
              height="35"
              viewBox="0 0 150 150"
              width="35"
              xmlns="http://www.w3.org/2000/svg"
            >
              <path
                d="M50.29 81.41V99.1a49.41 49.41 0 0 0 49.35-49.35H82a31.71 31.71 0 0 1-31.71 31.66Z"
                style="fill: #3be081;"
              />
              <path
                d="M50.29 130.16a31.43 31.43 0 0 1 0-62.85V49.76a49 49 0 0 0-.14 98h.14Z"
                style="fill: #0037ff;"
              />
              <path
                d="M50.29 130.16v17.55a49 49 0 0 0 49-49H81.72a31.46 31.46 0 0 1-31.43 31.45Z"
                style="fill: #0cf;"
              />
              <path
                d="M50.29 32.19v17.56a49 49 0 0 0 49-49H81.72a31.46 31.46 0 0 1-31.43 31.44Z"
                style="fill: #861dff;"
              />
              <path
                d="M99.59 32.19v17.56a49 49 0 0 0 49-49H131a31.46 31.46 0 0 1-31.41 31.44Z"
                style="fill: #fc7f10;"
              />
            </svg>
          </g>
          <g
            transform="translate(40, 22)"
          >
            <text
              fill="white"
              font-size="18"
              x="0"
              y="5"
            >
               Connect with Optimizely 
            </text>
          </g>
        </svg>
      </span>
    </span>
  </button>
</div>
`;
